
> hirenova@0.1.0 build
> prisma generate && next build

node.exe : Loaded Prisma config from 
prisma.config.ts.
At line:1 char:1
+ & "C:\Program Files\nodejs/node.exe" "C:\Program 
Files\nodejs/node_mo ...
+ ~~~~~~~~~~~~~~~~~~~~~~~~~~~~~~~~~~~~~~~~~~~~~~~~~
~~~~~~~~~~~~~~~~~~~~
    + CategoryInfo          : NotSpecified: (Loade 
   d Prisma c...isma.config.ts.:String) [], Remot  
  eException
    + FullyQualifiedErrorId : NativeCommandError
 

Prisma schema loaded from prisma\schema.prisma.

Γ£ö Generated Prisma Client (7.4.2) to .\lib\generated\prisma in 101ms

Γû▓ Next.js 16.1.6 (Turbopack)
- Environments: .env

  Creating an optimized production build ...
Γ£ô Compiled successfully in 20.6s
  Running TypeScript ...
  Collecting page data using 11 workers ...
  Generating static pages using 11 workers (0/11) ...
  Generating static pages using 11 workers (2/11) 
  Generating static pages using 11 workers (5/11) 
  Generating static pages using 11 workers (8/11) 
Γ£ô Generating static pages using 11 workers (11/11) in 741.7ms
  Finalizing page optimization ...

Route (app)
Γöî ╞Æ /
Γö£ ╞Æ /_not-found
Γö£ ╞Æ /ai-cover-letter
Γö£ ╞Æ /ai-cover-letter/[id]
Γö£ ╞Æ /api/inngest
Γö£ ╞Æ /dashboard
Γö£ ╞Æ /interview
Γö£ ╞Æ /interview/mock
Γö£ ╞Æ /onboarding
Γö£ ╞Æ /resume
Γö£ ╞Æ /sign-in/[[...sign-in]]
Γöö ╞Æ /sign-up/[[...sign-up]]


╞Æ Proxy (Middleware)

╞Æ  (Dynamic)  server-rendered on demand

