
> hirenova@0.1.0 build
> prisma generate && next build

node.exe : Loaded Prisma config from 
prisma.config.ts.
At line:1 char:1
+ & "C:\Program Files\nodejs/node.exe" "C:\Program 
Files\nodejs/node_mo ...
+ ~~~~~~~~~~~~~~~~~~~~~~~~~~~~~~~~~~~~~~~~~~~~~~~~~
~~~~~~~~~~~~~~~~~~~~
    + CategoryInfo          : NotSpecified: (Loade 
   d Prisma c...isma.config.ts.:String) [], Remot  
  eException
    + FullyQualifiedErrorId : NativeCommandError
 

Prisma schema loaded from prisma\schema.prisma.

Γ£ö Generated Prisma Client (7.4.2) to .\lib\generated\prisma in 187ms

Γû▓ Next.js 16.1.6 (Turbopack)
- Environments: .env

  Creating an optimized production build ...
Γ£ô Compiled successfully in 14.7s
  Running TypeScript ...
Failed to compile.

./app/api/webhook/stripe/route.ts:41:55
Type error: Property 'current_period_end' does not 
exist on type 'Response<Subscription>'.

[0m [90m 39 |[39m         
stripeCustomerId[33m:[39m 
subscription[33m.[39mcustomer [36mas[39m 
string[33m,[39m
 [90m 40 |[39m         stripePriceId[33m:[39m s
ubscription[33m.[39mitems[33m.[39mdata[[35m0[
39m][33m.[39mprice[33m.[39mid[33m,[39m
[31m[1m>[22m[39m[90m 41 |[39m         
stripeCurrentPeriodEnd[33m:[39m [36mnew[39m [3
3mDate[39m(subscription[33m.[39mcurrent_period_e
nd [33m*[39m [35m1000[39m)[33m,[39m
 [90m    |[39m                                   
                    [31m[1m^[22m[39m
 [90m 42 |[39m       }[33m,[39m
 [90m 43 |[39m     })[33m;[39m
 [90m 44 |[39m   }[0m
Next.js build worker exited with code: 1 and 
signal: null
