app/(main)/onboarding/_components/onboarding-form.tsx(174,66): error TS2322: Type 'boolean | null' is not assignable to type 'boolean | undefined'.
  Type 'null' is not assignable to type 'boolean | undefined'.
