app/(main)/interview/component/quiz.tsx(171,21): error TS2322: Type 'boolean | null' is not assignable to type 'boolean | undefined'.
  Type 'null' is not assignable to type 'boolean | undefined'.
app/(main)/resume/_components/resume-builder.tsx(29,9): error TS2322: Type 'Resolver<{ contactInfo: { email: string; mobile?: string | undefined; linkedin?: string | undefined; github?: string | undefined; }; experience: { title: string; organization: string; startDate: string; description: string; endDate?: string | undefined; current?: boolean | undefined; }[]; ... 4 more ...; summary?: s...' is not assignable to type 'Resolver<{ contactInfo: { email: string; mobile?: string | undefined; linkedin?: string | undefined; github?: string | undefined; }; experience: { title: string; organization: string; startDate: string; description: string; current: boolean; endDate?: string | undefined; }[]; ... 4 more ...; summary?: string | undef...'.
  Types of parameters 'options' and 'options' are incompatible.
    Type 'ResolverOptions<{ contactInfo: { email: string; mobile?: string | undefined; linkedin?: string | undefined; github?: string | undefined; }; experience: { title: string; organization: string; startDate: string; description: string; current: boolean; endDate?: string | undefined; }[]; ... 4 more ...; summary?: string ...' is not assignable to type 'ResolverOptions<{ contactInfo: { email: string; mobile?: string | undefined; linkedin?: string | undefined; github?: string | undefined; }; experience: { title: string; organization: string; startDate: string; description: string; endDate?: string | undefined; current?: boolean | undefined; }[]; ... 4 more ...; summ...'.
      Type '{ title: string; organization: string; startDate: string; description: string; endDate?: string | undefined; current?: boolean | undefined; }[]' is not assignable to type '{ title: string; organization: string; startDate: string; description: string; current: boolean; endDate?: string | undefined; }[]'.
        Type '{ title: string; organization: string; startDate: string; description: string; endDate?: string | undefined; current?: boolean | undefined; }' is not assignable to type '{ title: string; organization: string; startDate: string; description: string; current: boolean; endDate?: string | undefined; }'.
          Types of property 'current' are incompatible.
            Type 'boolean | undefined' is not assignable to type 'boolean'.
              Type 'undefined' is not assignable to type 'boolean'.
app/(main)/resume/_components/resume-builder.tsx(82,38): error TS2604: JSX element type 'Label' does not have any construct or call signatures.
app/(main)/resume/_components/resume-builder.tsx(82,38): error TS2786: 'Label' cannot be used as a JSX component.
  Its type 'typeof import("D:/Projects/HireNova/node_modules/@radix-ui/react-label/dist/index")' is not a valid JSX element type.
app/(main)/resume/_components/resume-builder.tsx(87,41): error TS2322: Type '{ type: "email"; placeholder: string; error: FieldError | undefined; onChange: ChangeHandler; onBlur: ChangeHandler; ref: RefCallBack; ... 7 more ...; disabled?: boolean | undefined; }' is not assignable to type 'IntrinsicAttributes & ClassAttributes<HTMLInputElement> & InputHTMLAttributes<HTMLInputElement>'.
  Property 'error' does not exist on type 'IntrinsicAttributes & ClassAttributes<HTMLInputElement> & InputHTMLAttributes<HTMLInputElement>'. Did you mean 'onError'?
